Command line invocation:
    /Applications/Xcode.app/Contents/Developer/usr/bin/xcodebuild -project coupleapp.xcodeproj -scheme coupleapp -destination "platform=iOS Simulator,name=iPhone 15" clean build

Resolve Package Graph


Resolved source packages:
  Supabase: https://github.com/supabase-community/supabase-swift @ 2.41.1
  swift-http-types: https://github.com/apple/swift-http-types.git @ 1.5.1
  swift-clocks: https://github.com/pointfreeco/swift-clocks @ 1.0.6
  swift-asn1: https://github.com/apple/swift-asn1.git @ 1.5.1
  swift-concurrency-extras: https://github.com/pointfreeco/swift-concurrency-extras @ 1.3.2
  xctest-dynamic-overlay: https://github.com/pointfreeco/xctest-dynamic-overlay @ 1.9.0
  swift-crypto: https://github.com/apple/swift-crypto.git @ 4.2.0

2026-03-10 10:18:38.972 xcodebuild[85005:2579742] [MT] IDERunDestination: Supported platforms for the buildables in the current scheme is empty.
2026-03-10 10:19:39.089 xcodebuild[85005:2579742] Writing error result bundle to /var/folders/92/gr4m_tpj1rs4lkbs4w9br_qw0000gn/T/ResultBundle_2569-10-03_10-19-0039.xcresult
xcodebuild: error: Unable to find a device matching the provided destination specifier:
		{ platform:iOS Simulator, OS:latest, name:iPhone 15 }

	The requested device could not be found because no available devices matched the request.

	Available destinations for the "coupleapp" scheme:
		{ platform:macOS, arch:arm64, id:00008132-000C283402F8801C, name:My Mac }
		{ platform:macOS, arch:x86_64, id:00008132-000C283402F8801C, name:My Mac }
		{ platform:iOS, id:dvtdevice-DVTiPhonePlaceholder-iphoneos:placeholder, name:Any iOS Device }
		{ platform:iOS Simulator, id:dvtdevice-DVTiOSDeviceSimulatorPlaceholder-iphonesimulator:placeholder, name:Any iOS Simulator Device }
		{ platform:macOS, name:Any Mac }
		{ platform:iOS Simulator, arch:arm64, id:1A8B24D7-C802-4677-88E5-15FBA4FD655A, OS:26.3.1, name:iPad (A16) }
		{ platform:iOS Simulator, arch:arm64, id:C0CC8EAA-98E4-4420-8346-6685A4729F20, OS:26.3.1, name:iPad Air 11-inch (M3) }
		{ platform:iOS Simulator, arch:arm64, id:30216B87-09D6-4459-9944-DEB941965655, OS:26.3.1, name:iPad Air 13-inch (M3) }
		{ platform:iOS Simulator, arch:arm64, id:DB180654-81E2-4AFA-A572-40722D1055E5, OS:26.3.1, name:iPad Pro 11-inch (M5) }
		{ platform:iOS Simulator, arch:arm64, id:2A020032-6E4B-4AA7-A7AE-1FE63CD75322, OS:26.3.1, name:iPad Pro 13-inch (M5) }
		{ platform:iOS Simulator, arch:arm64, id:AB10645A-1816-4827-ADBC-55F32027835E, OS:26.3.1, name:iPad mini (A17 Pro) }
		{ platform:iOS Simulator, arch:arm64, id:F51641CA-1E46-48A7-948E-3BE6995B788F, OS:26.3.1, name:iPhone 16e }
		{ platform:iOS Simulator, arch:arm64, id:381DA784-661A-4C4F-B0C0-F59DA0ED1B05, OS:26.3.1, name:iPhone 17 }
		{ platform:iOS Simulator, arch:arm64, id:902D1379-0E02-43AC-BB71-AD6240519161, OS:26.3.1, name:iPhone 17 Pro }
		{ platform:iOS Simulator, arch:arm64, id:DB9D4E3F-B685-46A8-95F3-EA05CF0D1B08, OS:26.3.1, name:iPhone 17 Pro Max }
		{ platform:iOS Simulator, arch:arm64, id:C7782FD7-A60C-427E-9E27-A9B9A5D1F545, OS:26.3.1, name:iPhone Air }

	Ineligible destinations for the "coupleapp" scheme:
		{ platform:visionOS, id:dvtdevice-DVTiOSDevicePlaceholder-xros:placeholder, name:Any visionOS Device, error:visionOS 26.2 is not installed. Please download and install the platform from Xcode > Settings > Components. }
